
> utility-tools@0.1.0 build
> next build

node.exe : ??Warning: Next.js 
inferred your workspace root, 
but it may not be correct.
위치 줄:1 문자:1
+ & "C:\Program Files\nodejs/n
ode.exe" "C:\Program Files\nod
ejs/node_mo ...
+ ~~~~~~~~~~~~~~~~~~~~~~~~~~~~
~~~~~~~~~~~~~~~~~~~~~~~~~~~~~~
~~~~~~~~~~~
    + CategoryInfo          : 
    NotSpecified: (??Warning  
  : Next...not be correct.:   
 String) [], RemoteExcepti    
on
    + FullyQualifiedErrorId : 
    NativeCommandError
 
 We detected multiple lockfile
s and selected the directory o
f C:\Users\jinzhexun\?섏씡???뱀궗?
댄듃 泥リ구??package-lock.json as t
he root directory.
 To silence this warning, set 
`turbopack.root` in your Next.
js config, or consider removin
g one of the lockfiles if it's
 not needed.
   See https://nextjs.org/docs
/app/api-reference/config/next
-config-js/turbopack#root-dire
ctory for more information.
 Detected additional lockfiles
: 
   * C:\Users\jinzhexun\?섏씡???
뱀궗?댄듃 泥リ구??utility-tools\packa
ge-lock.json

??Next.js 16.1.6 (Turbopack)
- Environments: .env.local

  Creating an optimized production build ...
??Compiled successfully in 9.2s
  Running TypeScript ...
  Collecting page data using 11 workers ...
??Using edge runtime on a page
 currently disables static gen
eration for that page
  Generating static pages using 11 workers (0/24) ...
  Generating static pages using 11 workers (6/24) 
  Generating static pages using 11 workers (12/24) 
  Generating static pages using 11 workers (18/24) 
??Generating static pages using 11 workers (24/24) in 1464.3ms
  Finalizing page optimization ...

Route (app)
????/
????/_not-found
????/about
????/admin/healing8255
????/advertise
????/contact
????/manifest.webmanifest
??? /opengraph-image
????/privacy
????/robots.txt
????/sitemap.xml
????/terms
????/tools/background-remover
????/tools/image-compressor
????/tools/image-restorer
????/tools/pdf-master
????/tools/prompt-generator
????/tools/qr-generator
????/tools/revenue-calculator
????/tools/screen-recorder
????/tools/text-converter
????/tools/youtube-planner
????/tools/youtube-thumbnail


?? (Static)   prerendered as static content
?  (Dynamic)  server-rendered on demand

