
> utility-tools@0.1.0 build
> next build

node.exe : ??Warning: Next.js 
inferred your workspace root, 
but it may not be correct.
위치 줄:1 문자:1
+ & "C:\Program Files\nodejs/n
ode.exe" "C:\Program Files\nod
ejs/node_mo ...
+ ~~~~~~~~~~~~~~~~~~~~~~~~~~~~
~~~~~~~~~~~~~~~~~~~~~~~~~~~~~~
~~~~~~~~~~~
    + CategoryInfo          : 
    NotSpecified: (??Warning  
  : Next...not be correct.:   
 String) [], RemoteExcepti    
on
    + FullyQualifiedErrorId : 
    NativeCommandError
 
 We detected multiple lockfile
s and selected the directory o
f C:\Users\jinzhexun\?섏씡???뱀궗?
댄듃 泥リ구??package-lock.json as t
he root directory.
 To silence this warning, set 
`turbopack.root` in your Next.
js config, or consider removin
g one of the lockfiles if it's
 not needed.
   See https://nextjs.org/docs
/app/api-reference/config/next
-config-js/turbopack#root-dire
ctory for more information.
 Detected additional lockfiles
: 
   * C:\Users\jinzhexun\?섏씡???
뱀궗?댄듃 泥リ구??utility-tools\packa
ge-lock.json

??Next.js 16.1.6 (Turbopack)
- Environments: .env.local

  Creating an optimized production build ...
??Compiled successfully in 6.1s
  Running TypeScript ...
  Collecting page data using 11 workers ...
??Using edge runtime on a page
 currently disables static gen
eration for that page
  Generating static pages using 11 workers (0/24) ...
Error occurred prerendering pa
ge "/admin/healing8255". Read 
more: https://nextjs.org/docs/
messages/prerender-error
Error: Objects are not valid a
s a React child (found: object
 with keys {}). If you meant t
o render a collection of child
ren, use an array instead.
    at ignore-listed frames {
  digest: '3242379244'
}
Export encountered an error on
 /admin/healing8255/page: /adm
in/healing8255, exiting the bu
ild.
殊?Next.js build worker exited 
with code: 1 and signal: null
